Microchip MPLAB XC8 Compiler V2.32

Linker command line:

-W-3 --edf=C:\Program Files\Microchip\xc8\v2.32\pic\dat\en_msgs.txt -cn \
  -h+dist/default/production\ADC_3Temperaturas.X.production.sym \
  --cmf=dist/default/production\ADC_3Temperaturas.X.production.cmf -z \
  -Q16F887 -oC:\Users\Pedro\AppData\Local\Temp\xcAsb28.4 \
  --defsym=__MPLAB_BUILD=1 \
  -Mdist/default/production/ADC_3Temperaturas.X.production.map -E1 \
  -ver=XC8 Compiler --acfsm=1493 -ASTACK=0110h-016Fh -pstack=STACK \
  -ACODE=00h-07FFhx4 -ASTRCODE=00h-01FFFh -ASTRING=00h-0FFhx32 \
  -ACONST=00h-0FFhx32 -AENTRY=00h-0FFhx32 -ACOMMON=070h-07Fh \
  -ABANK0=020h-06Fh -ABANK1=0A0h-0EFh -ABANK2=0110h-016Fh \
  -ABANK3=0190h-01EFh -ARAM=020h-06Fh,0A0h-0EFh,0110h-016Fh,0190h-01EFh \
  -AABS1=020h-07Fh,0A0h-0EFh,0110h-016Fh,0190h-01EFh -ASFR0=00h-01Fh \
  -ASFR1=080h-09Fh -ASFR2=0100h-010Fh -ASFR3=0180h-018Fh \
  -ACONFIG=02007h-02008h -DCONFIG=2 -AIDLOC=02000h-02003h -DIDLOC=2 \
  -AEEDATA=00h-0FFh/02100h -peeprom_data=EEDATA -DEEDATA=2 -DCODE=2 \
  -DSTRCODE=2 -DSTRING=2 -DCONST=2 -DENTRY=2 \
  -preset_vec=00h,intentry=04h,init,end_init -ppowerup=CODE -pcinit=CODE \
  -pfunctab=ENTRY -k C:\Users\Pedro\AppData\Local\Temp\xcAsb28.o \
  dist/default/production\ADC_3Temperaturas.X.production.o 

Object code version is 3.11

Machine type is 16F887



                Name                               Link     Load   Length Selector   Space Scale
C:\Users\Pedro\AppData\Local\Temp\xcAsb28.o
                end_init                              C        C        3        8       0
                reset_vec                             0        0        3        0       0
                config                             2007     2007        2        0       4
dist/default/production\ADC_3Temperaturas.X.production.o
                cinit                                 F        F       1E        8       0
                functab                              2D       2D       18       5A       0
                intentry                              4        4        8        8       0
                config                             2007     2007        2        0       4
                text21                              BCA      BCA       1E     1794       0
                text20                              7EE      7EE       11       8A       0
                text19                              BAD      BAD       1D     175A       0
                text18                              3A6      3A6      288       8A       0
                text17                              C09      C09       29     1812       0
                text16                               45       45      361       8A       0
                text15                              E49      E49       7C     1C92       0
                text14                              F44      F44       BC     1E88       0
                text13                              CC6      CC6       59     198C       0
                text12                              C5F      C5F       31     18BE       0
                text11                              EC5      EC5       7F     1D8A       0
                text10                              B98      B98       15     1730       0
                text9                               C90      C90       36     1920       0
                text8                               C32      C32       2D     1864       0
                text7                               DE0      DE0       69     1BC0       0
                text6                               D1F      D1F       5B     1A3E       0
                text5                               62E      62E      124       8A       0
                text4                               BE8      BE8       21     17D0       0
                text3                               B60      B60        7     16C0       0
                text2                               D7A      D7A       66     1AF4       0
                text1                               B67      B67        F     16CE       0
                maintext                            752      752       9C       8A       0
                cstackBANK0                          20       20       50       20       1
                cstackCOMMON                         76       76        6       70       1
                cstackBANK1                          AF       AF        9       A0       1
                inittext                            B85      B85       13     170A       0
                dataBANK1                            A0       A0        F       A0       1
                bssBANK1                             B8       B8        4       A0       1
                bssCOMMON                            70       70        6       70       1
                strings                             800      800       17     1000       0
                idataBANK1                          B76      B76        F     16EC       0

TOTAL           Name                               Link     Load   Length     Space
        CLASS   STACK          

        CLASS   CODE           
                end_init                              C        C        3         0
                cinit                                 F        F       1E         0
                intentry                              4        4        8         0
                reset_vec                             0        0        3         0
                text21                              BCA      BCA       1E         0
                text20                              7EE      7EE       11         0
                text19                              BAD      BAD       1D         0
                text18                              3A6      3A6      288         0
                text17                              C09      C09       29         0
                text16                               45       45      361         0
                text15                              E49      E49       7C         0
                text14                              F44      F44       BC         0
                text13                              CC6      CC6       59         0
                text12                              C5F      C5F       31         0
                text11                              EC5      EC5       7F         0
                text10                              B98      B98       15         0
                text9                               C90      C90       36         0
                text8                               C32      C32       2D         0
                text7                               DE0      DE0       69         0
                text6                               D1F      D1F       5B         0
                text5                               62E      62E      124         0
                text4                               BE8      BE8       21         0
                text3                               B60      B60        7         0
                text2                               D7A      D7A       66         0
                text1                               B67      B67        F         0
                maintext                            752      752       9C         0
                inittext                            B85      B85       13         0
                idataBANK1                          B76      B76        F         0

        CLASS   STRCODE        

        CLASS   STRING         
                strings                             800      800       17         0

        CLASS   CONST          

        CLASS   ENTRY          
                functab                              2D       2D       18         0

        CLASS   COMMON         
                cstackCOMMON                         76       76        6         1
                bssCOMMON                            70       70        6         1

        CLASS   BANK0          
                cstackBANK0                          20       20       50         1

        CLASS   BANK1          
                cstackBANK1                          AF       AF        9         1
                dataBANK1                            A0       A0        F         1
                bssBANK1                             B8       B8        4         1

        CLASS   BANK2          

        CLASS   BANK3          

        CLASS   RAM            

        CLASS   ABS1           
                abs_s1                               7E       7E        2         1

        CLASS   SFR0           

        CLASS   SFR1           

        CLASS   SFR2           

        CLASS   SFR3           

        CLASS   CONFIG         
                config                             2007     2007        2         4

        CLASS   IDLOC          

        CLASS   EEDATA         



SEGMENTS        Name                           Load    Length   Top    Selector   Space  Class     Delta

                reset_vec                      000000  000003  000003         0       0  CODE        2
                intentry                       000004  000029  00002D         8       0  CODE        2
                cstackBANK0                    000020  000050  000070        20       1  BANK0       1
                functab                        00002D  000018  000045        5A       0  ENTRY       2
                bssCOMMON                      000070  00000C  00007C        70       1  COMMON      1
                text16                         000045  0007BA  0007FF        8A       0  CODE        2
                dataBANK1                      0000A0  00001C  0000BC        A0       1  BANK1       1
                strings                        000800  000017  000817      1000       0  STRING      2
                text3                          000B60  000007  000B67      16C0       0  CODE        2
                text1                          000B67  00000F  000B76      16CE       0  CODE        2
                idataBANK1                     000B76  00000F  000B85      16EC       0  CODE        2
                inittext                       000B85  000013  000B98      170A       0  CODE        2
                text10                         000B98  000015  000BAD      1730       0  CODE        2
                text19                         000BAD  00001D  000BCA      175A       0  CODE        2
                text21                         000BCA  00001E  000BE8      1794       0  CODE        2
                text4                          000BE8  000021  000C09      17D0       0  CODE        2
                text17                         000C09  000029  000C32      1812       0  CODE        2
                text8                          000C32  00002D  000C5F      1864       0  CODE        2
                text12                         000C5F  000031  000C90      18BE       0  CODE        2
                text9                          000C90  000036  000CC6      1920       0  CODE        2
                text13                         000CC6  000059  000D1F      198C       0  CODE        2
                text6                          000D1F  00005B  000D7A      1A3E       0  CODE        2
                text2                          000D7A  000066  000DE0      1AF4       0  CODE        2
                text7                          000DE0  000069  000E49      1BC0       0  CODE        2
                text15                         000E49  00007C  000EC5      1C92       0  CODE        2
                text11                         000EC5  00007F  000F44      1D8A       0  CODE        2
                text14                         000F44  0000BC  001000      1E88       0  CODE        2


UNUSED ADDRESS RANGES

        Name                Unused          Largest block    Delta
        BANK1            00BC-00EF             34           1
        BANK2            0110-016F             60           1
        BANK3            0190-01EF             60           1
        CODE             0003-0003              1           2
                         07FF-07FF              1
                         0817-0B5F            349
                         1000-1FFF            800
        COMMON           007C-007D              2           1
        CONST            0003-0003              1           2
                         07FF-07FF              1
                         0817-0B5F            100
                         1000-1FFF            100
        EEDATA           2100-21FF            100           2
        ENTRY            0003-0003              1           2
                         07FF-07FF              1
                         0817-0B5F            100
                         1000-1FFF            100
        IDLOC            2000-2003              4           2
        RAM              00BC-00EF             34           1
                         0110-016F             60
                         0190-01EF             60
        SFR0             0000-001F             20           1
        SFR1             0080-009F             20           1
        SFR2             0100-010F             10           1
        SFR3             0180-018F             10           1
        STACK            0110-016F             60           1
        STRCODE          0003-0003              1           2
                         07FF-07FF              1
                         0817-0B5F            349
                         1000-1FFF           1000
        STRING           0003-0003              1           2
                         07FF-07FF              1
                         0817-0B5F            100
                         1000-1FFF            100

                                  Symbol Table

?_Fahrenheit_value                cstackBANK0  0067
?__Umul8_16                       cstackBANK0  0020
?___awdiv                         cstackBANK0  0020
?___awmod                         cstackBANK0  0020
?___fladd                         cstackBANK0  0048
?___flmul                         cstackBANK0  002E
?___fltol                         cstackBANK0  005C
?___xxtofl                        cstackBANK0  0020
?_adc_value                       cstackBANK0  0020
?_celsius_value                   cstackBANK0  0067
?_kelvin_value                    cstackBANK0  0020
Fahrenheit_value@Fahrenheit_value cstackBANK0  0069
LCD_Texto@col                     cstackBANK0  0027
LCD_Texto@lin                     cstackBANK0  0026
LCD_Texto@pos                     cstackBANK0  002A
LCD_Texto@str                     cstackBANK0  0028
LCD_num@col                       cstackBANK0  006C
LCD_num@div                       cstackBANK1  00B4
LCD_num@lin                       cstackBANK0  006B
LCD_num@num                       cstackBANK0  006D
LCD_num@sinal                     cstackBANK1  00B3
LCD_num@size                      cstackBANK1  00B2
LCD_num@tam                       cstackBANK0  006F
_ADCON0bits                       (abs)        001F
_ADCON1bits                       (abs)        009F
_ADRESH                           (abs)        001E
_ADRESL                           (abs)        009E
_ANSELH                           (abs)        0189
_ANSELbits                        (abs)        0188
_Fahrenheit_value                 text13       0CC6
_INTCONbits                       (abs)        000B
_LCD_Texto                        text9        0C90
_LCD_init                         text8        0C32
_LCD_num                          text5        062E
_LCD_str                          (abs)        0000
_LCDbits                          (abs)        0008
_OPTION_REGbits                   (abs)        0081
_PIE1bits                         (abs)        008C
_PIR1bits                         (abs)        000C
_PORTB                            (abs)        0006
_Pause_timer0                     (abs)        0000
_Play_timer0                      (abs)        0000
_TMR0                             (abs)        0001
_TRISB                            (abs)        0086
_TRISDbits                        (abs)        0088
__Habs1                           abs1         008A
__Hbank0                          bank0        008A
__Hbank1                          bank1        008A
__Hbank2                          bank2        008A
__Hbank3                          bank3        008A
__HbssBANK1                       bssBANK1     008A
__HbssCOMMON                      bssCOMMON    008A
__Hcinit                          cinit        002D
__Hclrtext                        clrtext      008A
__Hcode                           code         008A
__Hcommon                         common       008A
__Hconfig                         config       2009
__HcstackBANK0                    cstackBANK0  008A
__HcstackBANK1                    cstackBANK1  008A
__HcstackCOMMON                   cstackCOMMON 008A
__HdataBANK1                      dataBANK1    008A
__Heeprom_data                    eeprom_data  0000
__Hend_init                       end_init     000F
__Hfunctab                        functab      0045
__HidataBANK1                     idataBANK1   008A
__Hinit                           init         000C
__Hinittext                       inittext     008A
__Hintentry                       intentry     000C
__Hmaintext                       maintext     008A
__Hpowerup                        powerup      0000
__Hram                            ram          008A
__Hreset_vec                      reset_vec    0003
__Hsfr0                           sfr0         008A
__Hsfr1                           sfr1         008A
__Hsfr2                           sfr2         008A
__Hsfr3                           sfr3         008A
__Hspace_0                        (abs)        1000
__Hspace_1                        (abs)        00BC
__Hspace_2                        (abs)        0000
__Hspace_3                        (abs)        0000
__Hspace_4                        (abs)        4010
__Hstack                          stack        0000
__Hstrings                        strings      008A
__Htext                           text         008A
__Labs1                           abs1         008A
__Lbank0                          bank0        008A
__Lbank1                          bank1        008A
__Lbank2                          bank2        008A
__Lbank3                          bank3        008A
__LbssBANK1                       bssBANK1     008A
__LbssCOMMON                      bssCOMMON    008A
__Lcinit                          cinit        000F
__Lclrtext                        clrtext      008A
__Lcode                           code         008A
__Lcommon                         common       008A
__Lconfig                         config       0000
__LcstackBANK0                    cstackBANK0  008A
__LcstackBANK1                    cstackBANK1  008A
__LcstackCOMMON                   cstackCOMMON 008A
__LdataBANK1                      dataBANK1    008A
__Leeprom_data                    eeprom_data  0000
__Lend_init                       end_init     000C
__Lfunctab                        functab      002D
__LidataBANK1                     idataBANK1   008A
__Linit                           init         000C
__Linittext                       inittext     008A
__Lintentry                       intentry     0004
__Lmaintext                       maintext     008A
__Lpowerup                        powerup      0000
__Lram                            ram          008A
__Lreset_vec                      reset_vec    0000
__Lsfr0                           sfr0         008A
__Lsfr1                           sfr1         008A
__Lsfr2                           sfr2         008A
__Lsfr3                           sfr3         008A
__Lspace_0                        (abs)        0000
__Lspace_1                        (abs)        0000
__Lspace_2                        (abs)        0000
__Lspace_3                        (abs)        0000
__Lspace_4                        (abs)        0000
__Lstack                          stack        0000
__Lstrings                        strings      008A
__Ltext                           text         008A
__S0                              (abs)        1000
__S1                              (abs)        00BC
__S2                              (abs)        0000
__S3                              (abs)        0000
__Umul8_16                        text17       0C09
__Umul8_16@multiplicand           cstackBANK0  0020
__Umul8_16@multiplier             cstackBANK0  0028
__Umul8_16@product                cstackBANK0  0024
__Umul8_16@word_mpld              cstackBANK0  0026
___awdiv                          text7        0DE0
___awdiv@counter                  cstackBANK0  0025
___awdiv@dividend                 cstackBANK0  0022
___awdiv@divisor                  cstackBANK0  0020
___awdiv@quotient                 cstackBANK0  0027
___awdiv@sign                     cstackBANK0  0026
___awmod                          text6        0D1F
___awmod@counter                  cstackBANK0  0025
___awmod@dividend                 cstackBANK0  0022
___awmod@divisor                  cstackBANK0  0020
___awmod@sign                     cstackBANK0  0026
___fladd                          text18       03A6
___fladd@a                        cstackBANK0  004C
___fladd@aexp                     cstackBANK0  0059
___fladd@b                        cstackBANK0  0048
___fladd@bexp                     cstackBANK0  005A
___fladd@grs                      cstackBANK0  005B
___fladd@signs                    cstackBANK0  0058
___flmul                          text16       0045
___flmul@a                        cstackBANK0  0032
___flmul@aexp                     cstackBANK0  003C
___flmul@b                        cstackBANK0  002E
___flmul@bexp                     cstackBANK0  0041
___flmul@grs                      cstackBANK0  003D
___flmul@prod                     cstackBANK0  0042
___flmul@sign                     cstackBANK0  003B
___flmul@temp                     cstackBANK0  0046
___fltol                          text15       0E49
___fltol@exp1                     cstackBANK0  0066
___fltol@f1                       cstackBANK0  005C
___fltol@sign1                    cstackBANK0  0065
___int_sp                         stack        0000
___latbits                        (abs)        0002
___sp                             stack        0000
___stackhi                        (abs)        0000
___stacklo                        (abs)        0000
___xxtofl                         text14       0F44
___xxtofl@arg                     cstackBANK0  002A
___xxtofl@exp                     cstackBANK0  0029
___xxtofl@sign                    cstackBANK0  0028
___xxtofl@val                     cstackBANK0  0020
__end_of_Fahrenheit_value         text13       0D1F
__end_of_LCD_Texto                text9        0CC6
__end_of_LCD_init                 text8        0C5F
__end_of_LCD_num                  text5        0752
__end_of__Umul8_16                text17       0C32
__end_of___awdiv                  text7        0E49
__end_of___awmod                  text6        0D7A
__end_of___fladd                  text18       062E
__end_of___flmul                  text16       03A6
__end_of___fltol                  text15       0EC5
__end_of___xxtofl                 text14       1000
__end_of__fptable                 functab      0045
__end_of__initialization          cinit        0029
__end_of__stringtab               strings      0806
__end_of_adc_init                 text4        0C09
__end_of_adc_read                 text21       0BE8
__end_of_adc_value                text3        0B67
__end_of_celsius_value            text2        0DE0
__end_of_dispLCD_dataReg          text12       0C90
__end_of_dispLCD_instReg          text11       0F44
__end_of_dispLCD_lincol           text10       0BAD
__end_of_isr                      text19       0BCA
__end_of_kelvin_value             text1        0B76
__end_of_main                     maintext     07EE
__end_of_t0_init_cont             text20       07FF
__fptable                         functab      002D
__initialization                  cinit        000F
__pbssBANK1                       bssBANK1     00B8
__pbssCOMMON                      bssCOMMON    0070
__pcstackBANK0                    cstackBANK0  0020
__pcstackBANK1                    cstackBANK1  00AF
__pcstackCOMMON                   cstackCOMMON 0076
__pdataBANK1                      dataBANK1    00A0
__pfunctab                        functab      002D
__pidataBANK1                     idataBANK1   0B76
__pintentry                       intentry     0004
__pmaintext                       maintext     0752
__pstrings                        strings      0800
__ptext1                          text1        0B67
__ptext10                         text10       0B98
__ptext11                         text11       0EC5
__ptext12                         text12       0C5F
__ptext13                         text13       0CC6
__ptext14                         text14       0F44
__ptext15                         text15       0E49
__ptext16                         text16       0045
__ptext17                         text17       0C09
__ptext18                         text18       03A6
__ptext19                         text19       0BAD
__ptext2                          text2        0D7A
__ptext20                         text20       07EE
__ptext21                         text21       0BCA
__ptext3                          text3        0B60
__ptext4                          text4        0BE8
__ptext5                          text5        062E
__ptext6                          text6        0D1F
__ptext7                          text7        0DE0
__ptext8                          text8        0C32
__ptext9                          text9        0C90
__size_of_Fahrenheit_value        (abs)        0000
__size_of_LCD_Texto               (abs)        0000
__size_of_LCD_init                (abs)        0000
__size_of_LCD_num                 (abs)        0000
__size_of__Umul8_16               (abs)        0000
__size_of___awdiv                 (abs)        0000
__size_of___awmod                 (abs)        0000
__size_of___fladd                 (abs)        0000
__size_of___flmul                 (abs)        0000
__size_of___fltol                 (abs)        0000
__size_of___xxtofl                (abs)        0000
__size_of__fptable                (abs)        0000
__size_of_adc_init                (abs)        0000
__size_of_adc_read                (abs)        0000
__size_of_adc_value               (abs)        0000
__size_of_celsius_value           (abs)        0000
__size_of_dispLCD_dataReg         (abs)        0000
__size_of_dispLCD_instReg         (abs)        0000
__size_of_dispLCD_lincol          (abs)        0000
__size_of_isr                     (abs)        0000
__size_of_kelvin_value            (abs)        0000
__size_of_main                    (abs)        0000
__size_of_t0_init_cont            (abs)        0000
__stringbase                      strings      0805
__stringtab                       strings      0800
_adc_init                         text4        0BE8
_adc_read                         text21       0BCA
_adc_value                        text3        0B60
_celsius_value                    text2        0D7A
_dispLCD_clr                      (abs)        0000
_dispLCD_dataReg                  text12       0C5F
_dispLCD_instReg                  text11       0EC5
_dispLCD_lincol                   text10       0B98
_isr                              text19       0BAD
_kelvin_value                     text1        0B67
_lcd_b0                           (abs)        0000
_lcd_b1                           (abs)        0000
_main                             maintext     0752
_print                            dataBANK1    00A0
_read_value                       bssCOMMON    0074
_status_timer0                    (abs)        0000
_t0_init_cont                     text20       07EE
_timer0_get                       (abs)        0000
_timer0_init                      (abs)        0000
_timer0_value                     bssCOMMON    0070
_value                            dataBANK1    00AC
_var_value                        bssCOMMON    0072
btemp                             (abs)        007E
celsius_value@celsius_value       cstackBANK0  0069
dispLCD_dataReg@d                 cstackBANK0  0021
dispLCD_instReg@i                 cstackBANK0  0022
dispLCD_lincol@col                cstackBANK0  0023
dispLCD_lincol@lin                cstackBANK0  0025
end_of_initialization             cinit        0029
fpbase                            functab      0032
fptable                           functab      002D
fptotal                           (abs)        000C
init_fetch0                       inittext     0B85
init_ram0                         inittext     0B89
interrupt_function                intentry     0004
intlevel0                         functab      002D
intlevel1                         functab      002D
intlevel2                         functab      002D
intlevel3                         functab      002D
intlevel4                         functab      002D
intlevel5                         functab      002D
kelvin_value@kelvin_value         cstackBANK0  0022
reset_vec                         reset_vec    0000
saved_w                           (abs)        007E
start                             init         000C
start_initialization              cinit        000F
wtemp0                            (abs)        007E


MODULE INFORMATION

Module		Function		Class		Link	Load	Size
timers.c
		_t0_init_cont  		CODE           	07EE	0000	17

timers.c estimated size: 17

C:\Program Files\Microchip\xc8\v2.32\pic\sources\c90\common\sprcadd.c
		___fladd       		CODE           	03A6	0000	648

C:\Program Files\Microchip\xc8\v2.32\pic\sources\c90\common\sprcadd.c estimated size: 648

C:\Program Files\Microchip\xc8\v2.32\pic\sources\c90\common\xxtofl.c
		___xxtofl      		CODE           	0F44	0000	188

C:\Program Files\Microchip\xc8\v2.32\pic\sources\c90\common\xxtofl.c estimated size: 188

C:\Program Files\Microchip\xc8\v2.32\pic\sources\c90\common\Umul8_16.c
		__Umul8_16     		CODE           	0C09	0000	41

C:\Program Files\Microchip\xc8\v2.32\pic\sources\c90\common\Umul8_16.c estimated size: 41

Monitor_interruption.c
		_isr           		CODE           	0BAD	0000	29

Monitor_interruption.c estimated size: 29

C:\Program Files\Microchip\xc8\v2.32\pic\sources\c90\common\awmod.c
		___awmod       		CODE           	0D1F	0000	91

C:\Program Files\Microchip\xc8\v2.32\pic\sources\c90\common\awmod.c estimated size: 91

conversion_sensor.c
		_Fahrenheit_value		CODE           	0CC6	0000	89
		_celsius_value 		CODE           	0D7A	0000	102
		_kelvin_value  		CODE           	0B67	0000	15

conversion_sensor.c estimated size: 206

shared
		__stringtab    		STRING         	0800	0000	6
		__initialization		CODE           	000F	0000	26
		__fptable      		ENTRY          	002D	0000	24

shared estimated size: 56

C:\Program Files\Microchip\xc8\v2.32\pic\sources\c90\common\sprcmul.c
		___flmul       		CODE           	0045	0000	865

C:\Program Files\Microchip\xc8\v2.32\pic\sources\c90\common\sprcmul.c estimated size: 865

Analog_to_Digital.c
		_adc_value     		CODE           	0B60	0000	7
		_adc_read      		CODE           	0BCA	0000	30
		_adc_init      		CODE           	0BE8	0000	33

Analog_to_Digital.c estimated size: 70

C:\Program Files\Microchip\xc8\v2.32\pic\sources\c90\common\awdiv.c
		___awdiv       		CODE           	0DE0	0000	105

C:\Program Files\Microchip\xc8\v2.32\pic\sources\c90\common\awdiv.c estimated size: 105

main.c
		_main          		CODE           	0752	0000	156

main.c estimated size: 156

C:\Program Files\Microchip\xc8\v2.32\pic\sources\c90\common\fltol.c
		___fltol       		CODE           	0E49	0000	124

C:\Program Files\Microchip\xc8\v2.32\pic\sources\c90\common\fltol.c estimated size: 124

dispLCD4vias.c
		_dispLCD_lincol		CODE           	0B98	0000	21
		_LCD_Texto     		CODE           	0C90	0000	54
		_dispLCD_dataReg		CODE           	0C5F	0000	49
		_dispLCD_instReg		CODE           	0EC5	0000	127
		_LCD_init      		CODE           	0C32	0000	45
		_LCD_num       		CODE           	062E	0000	292

dispLCD4vias.c estimated size: 588

